<section class="space-y-4 text-center">
  <img src="/assets/static/logo.png" alt="" class="mx-auto w-24" />
  <p class="mx-auto max-w-prose text-gray-400">A calm hub for art, culture, and innovation.</p>
  <a href="/map/" class="inline-block rounded-md bg-primary px-6 py-3 font-heading text-bg-dark transition hover:bg-lapis focus:outline-none focus:ring">Launch the Map</a>
</section>


<main class="mx-auto max-w-screen-xl px-6 sm:px-8 space-y-16">

  

  

  

  

  

  

  

</main>