<section class="space-y-4 text-center">
  <img src="/assets/static/logo.png" alt="Effusion Labs" class="mx-auto w-24" />
  <h1 class="font-heading text-5xl sm:text-6xl">Effusion Labs</h1>
  <p class="text-lg text-gray-300">Art · Culture · Innovation</p>
  <p class="mx-auto max-w-prose text-gray-400">Where experimental ideas meet practical prototypes.</p>
  <a href="/map/" class="inline-block rounded-md bg-primary px-6 py-3 font-heading text-bg-dark transition hover:bg-lapis focus:outline-none focus:ring">Launch the Map</a>
</section>


<main class="mx-auto max-w-screen-xl px-6 sm:px-8 space-y-16">

  
    <section class="space-y-6">
  <div class="flex items-baseline justify-between">
    <h2 class="font-heading text-2xl">Featured</h2>
    
  </div>
  
      <div class="grid gap-6 sm:grid-cols-3">
        
<a href="/project/featured/" aria-label="Featured" class="tile block rounded-lg border border-white/10 p-4 transition hover:-translate-y-0.5 hover:shadow focus:outline-none focus:ring">
  
  <div class="mb-2 aspect-[4/3] rounded bg-white/5"></div>
  
  <div class="flex items-center justify-between text-xs text-gray-400">
    <span class="capitalize">project</span>
    <time datetime="2025-08-06T00:00:00.000Z">2025-08-06</time>
  </div>
  <h3 class="mt-2 font-heading text-lg text-gray-100">Featured</h3>
</a>

      </div>
    
</section>
  

  
    <section class="space-y-6">
  <div class="flex items-baseline justify-between">
    <h2 class="font-heading text-2xl">Today at the Lab</h2>
    <a href="/meta/" class="text-sm hover:text-primary focus:outline-none focus:ring">View all →</a>
  </div>
  
      <div class="grid gap-6 sm:grid-cols-3">
        
          
<a href="/meta/delta/" aria-label="Delta" class="tile block rounded-lg border border-white/10 p-4 transition hover:-translate-y-0.5 hover:shadow focus:outline-none focus:ring">
  
  <div class="mb-2 aspect-[4/3] rounded bg-white/5"></div>
  
  <div class="flex items-center justify-between text-xs text-gray-400">
    <span class="capitalize">meta</span>
    <time datetime="2025-08-04T00:00:00.000Z">2025-08-04</time>
  </div>
  <h3 class="mt-2 font-heading text-lg text-gray-100">Delta</h3>
</a>

        
          
<a href="/spark/gamma/" aria-label="Gamma" class="tile block rounded-lg border border-white/10 p-4 transition hover:-translate-y-0.5 hover:shadow focus:outline-none focus:ring">
  
  <div class="mb-2 aspect-[4/3] rounded bg-white/5"></div>
  
  <div class="flex items-center justify-between text-xs text-gray-400">
    <span class="capitalize">spark</span>
    <time datetime="2025-08-03T00:00:00.000Z">2025-08-03</time>
  </div>
  <h3 class="mt-2 font-heading text-lg text-gray-100">Gamma</h3>
</a>

        
          
<a href="/concept/beta/" aria-label="Beta" class="tile block rounded-lg border border-white/10 p-4 transition hover:-translate-y-0.5 hover:shadow focus:outline-none focus:ring">
  
  <div class="mb-2 aspect-[4/3] rounded bg-white/5"></div>
  
  <div class="flex items-center justify-between text-xs text-gray-400">
    <span class="capitalize">concept</span>
    <time datetime="2025-08-02T00:00:00.000Z">2025-08-02</time>
  </div>
  <h3 class="mt-2 font-heading text-lg text-gray-100">Beta</h3>
</a>

        
      </div>
    
</section>
  

  
    <section class="space-y-6">
  <div class="flex items-baseline justify-between">
    <h2 class="font-heading text-2xl">Try It Now</h2>
    <a href="/projects/" class="text-sm hover:text-primary focus:outline-none focus:ring">View all →</a>
  </div>
  
      <div class="grid gap-6 sm:grid-cols-3">
        
          
<a href="/project/interactive/" aria-label="Interactive" class="tile block rounded-lg border border-white/10 p-4 transition hover:-translate-y-0.5 hover:shadow focus:outline-none focus:ring">
  
  <div class="mb-2 aspect-[4/3] rounded bg-white/5"></div>
  
  <div class="flex items-center justify-between text-xs text-gray-400">
    <span class="capitalize">project</span>
    <time datetime="2025-08-05T00:00:00.000Z">2025-08-05</time>
  </div>
  <h3 class="mt-2 font-heading text-lg text-gray-100">Interactive</h3>
</a>

        
      </div>
    
</section>
  

  
    <section class="space-y-6">
  <div class="flex items-baseline justify-between">
    <h2 class="font-heading text-2xl">Idea Pathways</h2>
    <a href="/concepts/" class="text-sm hover:text-primary focus:outline-none focus:ring">View all →</a>
  </div>
  
      <div class="space-y-3">
        
          
<div class="flex items-center gap-2 text-sm">
  
    
    <a href="/concept/beta/" class="underline hover:text-primary focus:outline-none focus:ring">Beta</a>
  
    <span aria-hidden="true">→</span>
    <a href="/project/alpha/" class="underline hover:text-primary focus:outline-none focus:ring">Alpha</a>
  
    <span aria-hidden="true">→</span>
    <a href="/spark/gamma/" class="underline hover:text-primary focus:outline-none focus:ring">Gamma</a>
  
</div>

        
      </div>
    
</section>
  

  
    <section class="space-y-6">
  <div class="flex items-baseline justify-between">
    <h2 class="font-heading text-2xl">Open Questions</h2>
    <a href="/meta/" class="text-sm hover:text-primary focus:outline-none focus:ring">View all →</a>
  </div>
  
      <ul class="space-y-2">
        
          <li class="text-gray-200">Q1</li>
        
          <li class="text-gray-200">Q2</li>
        
          <li class="text-gray-200">Q4</li>
        
      </ul>
    
</section>
  

  
    <section class="space-y-6">
  <div class="flex items-baseline justify-between">
    <h2 class="font-heading text-2xl">Lab Notebook</h2>
    <a href="/sparks/" class="text-sm hover:text-primary focus:outline-none focus:ring">View all →</a>
  </div>
  
      <div class="grid gap-6 sm:grid-cols-2 xl:grid-cols-4">
        
          
<a href="/project/alpha/" aria-label="Alpha" class="tile block rounded-lg border border-white/10 p-4 transition hover:-translate-y-0.5 hover:shadow focus:outline-none focus:ring">
  
  <div class="mb-2 aspect-[4/3] rounded bg-white/5"></div>
  
  <div class="flex items-center justify-between text-xs text-gray-400">
    <span class="capitalize">project</span>
    <time datetime="2025-08-01T00:00:00.000Z">2025-08-01</time>
  </div>
  <h3 class="mt-2 font-heading text-lg text-gray-100">Alpha</h3>
</a>

        
          
<a href="/concept/beta/" aria-label="Beta" class="tile block rounded-lg border border-white/10 p-4 transition hover:-translate-y-0.5 hover:shadow focus:outline-none focus:ring">
  
  <div class="mb-2 aspect-[4/3] rounded bg-white/5"></div>
  
  <div class="flex items-center justify-between text-xs text-gray-400">
    <span class="capitalize">concept</span>
    <time datetime="2025-08-02T00:00:00.000Z">2025-08-02</time>
  </div>
  <h3 class="mt-2 font-heading text-lg text-gray-100">Beta</h3>
</a>

        
          
<a href="/spark/gamma/" aria-label="Gamma" class="tile block rounded-lg border border-white/10 p-4 transition hover:-translate-y-0.5 hover:shadow focus:outline-none focus:ring">
  
  <div class="mb-2 aspect-[4/3] rounded bg-white/5"></div>
  
  <div class="flex items-center justify-between text-xs text-gray-400">
    <span class="capitalize">spark</span>
    <time datetime="2025-08-03T00:00:00.000Z">2025-08-03</time>
  </div>
  <h3 class="mt-2 font-heading text-lg text-gray-100">Gamma</h3>
</a>

        
          
<a href="/meta/delta/" aria-label="Delta" class="tile block rounded-lg border border-white/10 p-4 transition hover:-translate-y-0.5 hover:shadow focus:outline-none focus:ring">
  
  <div class="mb-2 aspect-[4/3] rounded bg-white/5"></div>
  
  <div class="flex items-center justify-between text-xs text-gray-400">
    <span class="capitalize">meta</span>
    <time datetime="2025-08-04T00:00:00.000Z">2025-08-04</time>
  </div>
  <h3 class="mt-2 font-heading text-lg text-gray-100">Delta</h3>
</a>

        
      </div>
    
</section>
  

  
    <section class="space-y-6">
  <div class="flex items-baseline justify-between">
    <h2 class="font-heading text-2xl">Explore More</h2>
    
  </div>
  
      
<div class="grid gap-4 sm:grid-cols-2 md:grid-cols-4">
  
  <a href="/projects/" class="block rounded border border-white/10 p-4 hover:bg-white/5 focus:outline-none focus:ring">
    Projects <span class="text-sm text-gray-400">(1)</span>
  </a>
  
  <a href="/concepts/" class="block rounded border border-white/10 p-4 hover:bg-white/5 focus:outline-none focus:ring">
    Concepts <span class="text-sm text-gray-400">(1)</span>
  </a>
  
  <a href="/sparks/" class="block rounded border border-white/10 p-4 hover:bg-white/5 focus:outline-none focus:ring">
    Sparks <span class="text-sm text-gray-400">(1)</span>
  </a>
  
  <a href="/meta/" class="block rounded border border-white/10 p-4 hover:bg-white/5 focus:outline-none focus:ring">
    Meta <span class="text-sm text-gray-400">(1)</span>
  </a>
  
</div>

    
</section>
  

</main>